Try_out/ml_generated_data_product_1_and_2.csv
Product_ID,Date,Price ($),Quantity Demanded
1,2024-01-01,1447,12
1,2024-01-02,1301,18
1,2024-01-03,839,37
1,2024-01-04,828,37
1,2024-01-05,1176,23
1,2024-01-06,882,35
1,2024-01-07,857,36
1,2024-01-08,1341,16
1,2024-01-09,946,32
1,2024-01-10,934,33
1,2024-01-11,1299,18
1,2024-01-12,857,36
1,2024-01-13,1088,26
1,2024-01-14,1221,21
1,2024-01-15,1497,10
1,2024-01-16,913,34
1,2024-01-17,1459,11
1,2024-01-18,888,35
1,2024-01-19,985,31
1,2024-01-20,800,38
1,2024-01-21,1449,12
1,2024-01-22,1309,17
1,2024-01-23,1481,10
1,2024-01-24,1165,23
1,2024-01-25,1250,20
1,2024-01-26,1490,10
1,2024-01-27,1404,14
1,2024-01-28,1179,23
1,2024-01-29,1295,18
1,2024-01-30,1448,12
1,2024-01-31,1062,27
1,2024-02-01,1384,14
1,2024-02-02,936,33
1,2024-02-03,1407,13
1,2024-02-04,1168,23
1,2024-02-05,1385,14
1,2024-02-06,940,32
1,2024-02-07,1399,14
1,2024-02-08,1171,23
1,2024-02-09,1497,10
1,2024-02-10,812,38
1,2024-02-11,1403,14
1,2024-02-12,909,34
1,2024-02-13,1246,20
1,2024-02-14,1064,27
1,2024-02-15,879,35
1,2024-02-16,958,32
1,2024-02-17,1015,29
1,2024-02-18,1454,12
1,2024-02-19,1241,20
1,2024-02-20,1116,25
1,2024-02-21,941,32
1,2024-02-22,1071,27
1,2024-02-23,1209,21
1,2024-02-24,1344,16
1,2024-02-25,1308,17
1,2024-02-26,991,30
1,2024-02-27,1209,21
1,2024-02-28,1452,12
1,2024-02-29,853,36
1,2024-03-01,1488,10
1,2024-03-02,1331,17
1,2024-03-03,866,35
1,2024-03-04,1411,13
1,2024-03-05,1438,12
1,2024-03-06,899,34
1,2024-03-07,1303,18
1,2024-03-08,830,37
1,2024-03-09,950,32
1,2024-03-10,922,33
1,2024-03-11,889,35
1,2024-03-12,1145,24
1,2024-03-13,1320,17
1,2024-03-14,1460,11
1,2024-03-15,1145,24
1,2024-03-16,931,33
1,2024-03-17,1348,16
1,2024-03-18,1287,18
1,2024-03-19,942,32
1,2024-03-20,1163,23
1,2024-03-21,1379,15
1,2024-03-22,1486,10
1,2024-03-23,945,32
1,2024-03-24,1285,18
1,2024-03-25,896,34
1,2024-03-26,1126,25
1,2024-03-27,1306,18
1,2024-03-28,1301,18
1,2024-03-29,1024,29
1,2024-03-30,1312,17
1,2024-03-31,976,31
1,2024-04-01,837,37
1,2024-04-02,847,36
1,2024-04-03,1068,27
1,2024-04-04,1291,18
1,2024-04-05,1013,29
1,2024-04-06,808,38
1,2024-04-07,1007,30
1,2024-04-08,1296,18
1,2024-04-09,1294,18
1,2024-04-10,1444,12
1,2024-04-11,1216,21
1,2024-04-12,1239,20
1,2024-04-13,931,33
1,2024-04-14,916,33
1,2024-04-15,1323,17
1,2024-04-16,1028,29
1,2024-04-17,838,37
1,2024-04-18,1061,28
1,2024-04-19,1298,18
1,2024-04-20,1191,22
1,2024-04-21,1193,22
1,2024-04-22,1489,10
1,2024-04-23,905,34
1,2024-04-24,828,37
1,2024-04-25,1098,26
1,2024-04-26,1028,29
1,2024-04-27,830,37
1,2024-04-28,807,38
1,2024-04-29,970,31
1,2024-04-30,1349,16
1,2024-05-01,1439,12
1,2024-05-02,806,38
1,2024-05-03,1248,20
1,2024-05-04,959,32
1,2024-05-05,1263,19
1,2024-05-06,1103,26
1,2024-05-07,992,30
1,2024-05-08,870,35
1,2024-05-09,958,32
1,2024-05-10,822,37
1,2024-05-11,1169,23
1,2024-05-12,868,35
1,2024-05-13,1389,14
1,2024-05-14,1268,19
1,2024-05-15,1050,28
1,2024-05-16,1345,16
1,2024-05-17,1297,18
1,2024-05-18,1083,27
1,2024-05-19,1452,12
1,2024-05-20,1235,20
1,2024-05-21,1401,14
1,2024-05-22,941,32
1,2024-05-23,1254,20
1,2024-05-24,1239,20
1,2024-05-25,1302,18
1,2024-05-26,1149,24
1,2024-05-27,970,31
1,2024-05-28,900,34
1,2024-05-29,1041,28
1,2024-05-30,1310,17
1,2024-05-31,858,36
1,2024-06-01,881,35
1,2024-06-02,1112,25
1,2024-06-03,1483,10
1,2024-06-04,1092,26
1,2024-06-05,991,30
1,2024-06-06,1307,18
1,2024-06-07,1449,12
1,2024-06-08,1491,10
1,2024-06-09,1192,22
1,2024-06-10,1123,25
1,2024-06-11,1234,20
1,2024-06-12,894,34
1,2024-06-13,827,37
1,2024-06-14,1459,11
1,2024-06-15,1269,19
1,2024-06-16,1468,11
1,2024-06-17,1180,23
1,2024-06-18,1096,26
1,2024-06-19,1255,20
1,2024-06-20,875,35
1,2024-06-21,1343,16
1,2024-06-22,1476,11
1,2024-06-23,1397,14
1,2024-06-24,906,34
1,2024-06-25,1472,11
1,2024-06-26,1211,21
1,2024-06-27,922,33
1,2024-06-28,975,31
1,2024-06-29,1464,11
1,2024-06-30,1262,19
1,2024-07-01,1310,17
1,2024-07-02,972,31
1,2024-07-03,1110,26
1,2024-07-04,1017,29
1,2024-07-05,853,36
1,2024-07-06,1453,12
1,2024-07-07,1383,14
1,2024-07-08,1144,24
1,2024-07-09,826,37
1,2024-07-10,1462,11
1,2024-07-11,907,34
1,2024-07-12,958,32
1,2024-07-13,1390,14
1,2024-07-14,1434,12
1,2024-07-15,1186,22
2,2024-01-01,2334,30
2,2024-01-02,1518,70
2,2024-01-03,1998,47
2,2024-01-04,2083,42
2,2024-01-05,1801,57
2,2024-01-06,1771,58
2,2024-01-07,2479,22
2,2024-01-08,2098,42
2,2024-01-09,1573,68
2,2024-01-10,2099,42
2,2024-01-11,1558,69
2,2024-01-12,2030,45
2,2024-01-13,2495,21
2,2024-01-14,2263,33
2,2024-01-15,2362,28
2,2024-01-16,2190,37
2,2024-01-17,2024,45
2,2024-01-18,1689,62
2,2024-01-19,1973,48
2,2024-01-20,2468,23
2,2024-01-21,1805,57
2,2024-01-22,1972,48
2,2024-01-23,1982,48
2,2024-01-24,2475,22
2,2024-01-25,1786,58
2,2024-01-26,1910,51
2,2024-01-27,1610,67
2,2024-01-28,1871,53
2,2024-01-29,1975,48
2,2024-01-30,2361,28
2,2024-01-31,1867,53
2,2024-02-01,2168,38
2,2024-02-02,1911,51
2,2024-02-03,1513,70
2,2024-02-04,1777,58
2,2024-02-05,1648,65
2,2024-02-06,2465,23
2,2024-02-07,1665,64
2,2024-02-08,2313,31
2,2024-02-09,1563,69
2,2024-02-10,1883,53
2,2024-02-11,1795,57
2,2024-02-12,1804,57
2,2024-02-13,2160,38
2,2024-02-14,2343,29
2,2024-02-15,1952,49
2,2024-02-16,1683,63
2,2024-02-17,1594,67
2,2024-02-18,2122,40
2,2024-02-19,2480,22
2,2024-02-20,1755,59
2,2024-02-21,2198,36
2,2024-02-22,1904,51
2,2024-02-23,2001,47
2,2024-02-24,2481,22
2,2024-02-25,2019,46
2,2024-02-26,2435,24
2,2024-02-27,2166,38
2,2024-02-28,2245,34
2,2024-02-29,1950,49
2,2024-03-01,2312,31
2,2024-03-02,2292,32
2,2024-03-03,2111,41
2,2024-03-04,2063,43
2,2024-03-05,2024,45
2,2024-03-06,2373,28
2,2024-03-07,2034,45
2,2024-03-08,1812,56
2,2024-03-09,1569,69
2,2024-03-10,1829,55
2,2024-03-11,2424,25
2,2024-03-12,2314,31
2,2024-03-13,1576,68
2,2024-03-14,2424,25
2,2024-03-15,1783,58
2,2024-03-16,2458,23
2,2024-03-17,2233,35
2,2024-03-18,2478,22
2,2024-03-19,2055,44
2,2024-03-20,2262,33
2,2024-03-21,2222,35
2,2024-03-22,2292,32
2,2024-03-23,1787,57
2,2024-03-24,2074,43
2,2024-03-25,1568,69
2,2024-03-26,2324,30
2,2024-03-27,1638,65
2,2024-03-28,1750,59
2,2024-03-29,2005,46
2,2024-03-30,2204,36
2,2024-03-31,2281,32
2,2024-04-01,2091,42
2,2024-04-02,1606,67
2,2024-04-03,1601,67
2,2024-04-04,1651,64
2,2024-04-05,2191,37
2,2024-04-06,2029,45
2,2024-04-07,1554,69
2,2024-04-08,1689,62
2,2024-04-09,2101,41
2,2024-04-10,1741,60
2,2024-04-11,1543,70
2,2024-04-12,1798,57
2,2024-04-13,2041,44
2,2024-04-14,1880,53
2,2024-04-15,1769,58
2,2024-04-16,1772,58
2,2024-04-17,2093,42
2,2024-04-18,1795,57
2,2024-04-19,2237,34
2,2024-04-20,1608,67
2,2024-04-21,2416,25
2,2024-04-22,1997,47
2,2024-04-23,2396,26
2,2024-04-24,2423,25
2,2024-04-25,2144,39
2,2024-04-26,1839,55
2,2024-04-27,1561,69
2,2024-04-28,2362,28
2,2024-04-29,2321,30
2,2024-04-30,1505,70
2,2024-05-01,1879,53
2,2024-05-02,1841,55
2,2024-05-03,2142,39
2,2024-05-04,1604,67
2,2024-05-05,2200,36
2,2024-05-06,2188,37
2,2024-05-07,1751,59
2,2024-05-08,1766,59
2,2024-05-09,1800,57
2,2024-05-10,1942,50
2,2024-05-11,1789,57
2,2024-05-12,1587,68
2,2024-05-13,2337,29
2,2024-05-14,1758,59
2,2024-05-15,2238,34
2,2024-05-16,2355,28
2,2024-05-17,1563,69
2,2024-05-18,1677,63
2,2024-05-19,2219,35
2,2024-05-20,2296,31
2,2024-05-21,1537,70
2,2024-05-22,1871,53
2,2024-05-23,2043,44
2,2024-05-24,2157,39
2,2024-05-25,1526,70
2,2024-05-26,2120,40
2,2024-05-27,1737,60
2,2024-05-28,2353,29
2,2024-05-29,2346,29
2,2024-05-30,1648,65
2,2024-05-31,2369,28
2,2024-06-01,2150,39
2,2024-06-02,2358,28
2,2024-06-03,1668,64
2,2024-06-04,1735,60
2,2024-06-05,2316,30
2,2024-06-06,1519,70
2,2024-06-07,1982,48
2,2024-06-08,1730,60
2,2024-06-09,1944,49
2,2024-06-10,1938,50
2,2024-06-11,1695,62
2,2024-06-12,2089,42
2,2024-06-13,2121,40
2,2024-06-14,2088,42
2,2024-06-15,1708,61
2,2024-06-16,2075,43
2,2024-06-17,1528,70
2,2024-06-18,1921,51
2,2024-06-19,2273,33
2,2024-06-20,2052,44
2,2024-06-21,2430,25
2,2024-06-22,2200,36
2,2024-06-23,1711,61
2,2024-06-24,2423,25
2,2024-06-25,2233,35
2,2024-06-26,2326,30
2,2024-06-27,1850,54
2,2024-06-28,1712,61
2,2024-06-29,2374,27
2,2024-06-30,1679,63
2,2024-07-01,1716,61
2,2024-07-02,1631,65
2,2024-07-03,1522,70
2,2024-07-04,1970,48
2,2024-07-05,1605,67
2,2024-07-06,2148,39
2,2024-07-07,1711,61
2,2024-07-08,2289,32
2,2024-07-09,2410,26
2,2024-07-10,1968,48
2,2024-07-11,2448,24
2,2024-07-12,1858,54
2,2024-07-13,2323,30
2,2024-07-14,1785,58
2,2024-07-15,2151,39
